../Core/Src/main.c:106:6:subscription_cmd_vel_callback	64	static
../Core/Src/main.c:163:6:HAL_GPIO_EXTI_Callback	16	static
../Core/Src/main.c:187:5:main	8	static
../Core/Src/main.c:274:6:SystemClock_Config	88	static
../Core/Src/main.c:320:13:MX_I2C1_Init	8	static
../Core/Src/main.c:354:13:MX_TIM3_Init	64	static
../Core/Src/main.c:425:13:MX_USART2_UART_Init	8	static
../Core/Src/main.c:456:13:MX_DMA_Init	16	static
../Core/Src/main.c:477:13:MX_GPIO_Init	56	static
../Core/Src/main.c:539:6:StartDefaultTask	1504	static
../Core/Src/main.c:679:6:Error_Handler	4	static,ignoring_inline_asm
