../Core/Src/main.c:106:6:subscription_cmd_vel_callback	17
../Core/Src/main.c:162:6:subscription_motor_pwm_callback	1
../Core/Src/main.c:180:6:HAL_GPIO_EXTI_Callback	7
../Core/Src/main.c:204:5:main	1
../Core/Src/main.c:291:6:SystemClock_Config	3
../Core/Src/main.c:337:13:MX_I2C1_Init	2
../Core/Src/main.c:371:13:MX_TIM3_Init	9
../Core/Src/main.c:442:13:MX_USART2_UART_Init	2
../Core/Src/main.c:473:13:MX_DMA_Init	1
../Core/Src/main.c:494:13:MX_GPIO_Init	1
../Core/Src/main.c:556:6:StartDefaultTask	5
../Core/Src/main.c:696:6:Error_Handler	1
