../Core/Src/main.c:115:6:subscription_cmd_vel_callback	64	static
../Core/Src/main.c:172:6:HAL_GPIO_EXTI_Callback	16	static
../Core/Src/main.c:196:5:main	8	static
../Core/Src/main.c:283:6:SystemClock_Config	88	static
../Core/Src/main.c:329:13:MX_I2C1_Init	8	static
../Core/Src/main.c:363:13:MX_TIM3_Init	64	static
../Core/Src/main.c:434:13:MX_USART2_UART_Init	8	static
../Core/Src/main.c:465:13:MX_DMA_Init	16	static
../Core/Src/main.c:486:13:MX_GPIO_Init	56	static
../Core/Src/main.c:548:6:StartDefaultTask	728	static
../Core/Src/main.c:706:6:Error_Handler	4	static,ignoring_inline_asm
